// Vitest Snapshot v1, https://vitest.dev/guide/snapshot.html

exports[`OpenAPI drift-guard > API surface (METHOD + path) matches the snapshot — any change is reviewable 1`] = `
[
  "DELETE /trips/{id}",
  "DELETE /trips/{id}/like",
  "DELETE /users/me",
  "DELETE /users/me/providers/{provider}",
  "GET /admin/admins",
  "GET /admin/analytics/charts/{name}",
  "GET /admin/analytics/kpi",
  "GET /admin/audit-log",
  "GET /admin/cities",
  "GET /admin/complaints",
  "GET /admin/complaints/{id}",
  "GET /admin/users",
  "GET /admin/users/{id}",
  "GET /admin/verifications",
  "GET /admin/verifications/{id}",
  "GET /bookings/incoming",
  "GET /bookings/my",
  "GET /bookings/{id}",
  "GET /chats/{booking_id}/messages",
  "GET /cities",
  "GET /complaints/my",
  "GET /drivers/me/stats",
  "GET /drivers/verification/status",
  "GET /health",
  "GET /notifications",
  "GET /ratings/pending",
  "GET /routes/price-suggestion",
  "GET /trips",
  "GET /trips/my",
  "GET /trips/{id}",
  "GET /users/me",
  "GET /users/me/export",
  "GET /users/{id}",
  "GET /users/{id}/ratings",
  "PATCH /admin/cities/{id}",
  "PATCH /admin/complaints/{id}/resolve",
  "PATCH /admin/trips/{id}/cancel",
  "PATCH /admin/users/{id}/block",
  "PATCH /admin/users/{id}/unblock",
  "PATCH /admin/verifications/{id}/approve",
  "PATCH /admin/verifications/{id}/reject",
  "PATCH /admin/verifications/{id}/request-docs",
  "PATCH /bookings/{id}/accept",
  "PATCH /bookings/{id}/cancel",
  "PATCH /bookings/{id}/no-show",
  "PATCH /bookings/{id}/reject",
  "PATCH /messages/{id}/read",
  "PATCH /notifications/{id}/read",
  "PATCH /trips/{id}",
  "PATCH /users/me",
  "PATCH /users/me/password",
  "PATCH /users/me/phone",
  "PATCH /users/me/phone/confirm",
  "POST /admin/admins",
  "POST /admin/cities",
  "POST /auth/admin/login",
  "POST /auth/apple",
  "POST /auth/google",
  "POST /auth/logout",
  "POST /auth/logout/all",
  "POST /auth/phone/login",
  "POST /auth/phone/send-otp",
  "POST /auth/phone/verify",
  "POST /auth/refresh",
  "POST /auth/telegram",
  "POST /bookings",
  "POST /chats/{booking_id}/messages",
  "POST /complaints",
  "POST /drivers/verification",
  "POST /drivers/verification/upload",
  "POST /ratings",
  "POST /trips",
  "POST /trips/{id}/like",
  "POST /users/avatar",
  "POST /users/me/providers",
]
`;
